// Jest Snapshot v1, https://goo.gl/fbAQLP

exports[`TableBodyPositionCell DOM rendering renders correctly 1`] = `
<td
  className="general"
  title="Translated: \\"Position\\""
>
  <div>
    Test
  </div>
</td>
`;
